// Jest Snapshot v1, https://goo.gl/fbAQLP

exports[`Journal Component renders the complete journal 1`] = `
<div
  className="main"
>
  <div
    className="discription"
  >
    <p
      className="descripText"
    >
      Sparkle is a motivational journaling app to help inspire you to lead your best life. Add a new entry or look back on previous entries to help spark your dreams and creativity.
    </p>
  </div>
  <div
    className="entryButton"
  >
    <AddButton
      className="addEntryButton"
      tag={
        Object {
          "$$typeof": Symbol(react.forward_ref),
          "displayName": "Link",
          "propTypes": Object {
            "innerRef": [Function],
            "onClick": [Function],
            "replace": [Function],
            "target": [Function],
            "to": [Function],
          },
          "render": [Function],
        }
      }
      to="/addEntry"
      type="button"
    >
      Add Entry
    </AddButton>
  </div>
  <section
    className="entries"
  >
    <JournalEntry />
  </section>
</div>
`;
